Running translate_paper...

[TRANSLATION RESULT (RAW)]
{'title_jp': 'Attention Is All You Need（アテンション機構こそが全て）', 'title_en': 'Attention Is All You Need', 'tldr': ['1. 最も重要なポイントは、従来の再帰型ニューラルネットワーク（RNN）や畳み込みニューラルネットワーク（CNN）に基づく複雑なモデルに代わり、アテンション機構のみに基づいた新しいシンプルかつ強力なネットワークアーキテクチャ「Transformer」が提案されたことです。', '2. この研究の新規性は、系列変換モデルにおいて、従来のRNNやCNNを完全に排除し、アテンション機構のみで構成されることで、計算の並列化を大幅に促進し、より効率的な学習と推論を可能にした点にあります。', '3. その結果、特に機械翻訳などの系列変換タスクにおいて、以前の最先端モデルを性能と学習速度の両面で上回り、自然言語処理（NLP）分野のその後の発展の礎を築きました。'], 'background': '- **背景:** これまでの主要な系列変換モデルは、エンコーダとデコーダから構成される複雑な再帰型ニューラルネットワーク（RNN）や畳み込みニューラルネットワーク（CNN）を基盤としていました。これらのモデルは、特に長距離の依存関係を捉える上で限界があったり、RNNの逐次的な性質のため計算の並列化が困難であるという課題を抱えていました。最も性能の良いモデルは、エンコーダとデコーダをアテンション機構で接続していましたが、それでもRNNやCNNが主要な構成要素でした。\n- **目的:** 本研究の目的は、RNNやCNNといった既存の複雑な構造を完全に排除し、アテンション機構のみに依存する、よりシンプルで並列化に適した新しいネットワークアーキテクチャを提案し、系列変換タスクにおいて既存モデルを超える性能と効率を達成することです。', 'method': '- **コア技術:** 本研究のコア技術は、再帰構造や畳み込み構造を一切持たず、アテンション機構のみで構成される新しいネットワークアーキテクチャである**Transformer**です。\n- **特徴:** Transformerは主に「エンコーダ」と「デコーダ」で構成されますが、その内部は以下のような特徴的なコンポーネントで構築されています。\n    *   **Multi-Head Attention (マルチヘッド・アテンション):** 複数のアテンション機構を並行して実行し、それぞれの結果を結合することで、異なる「表現サブスペース」からの情報を捉えることを可能にします。これにより、モデルは様々な種類の関連性や依存関係に同時に注意を払うことができます。\n    *   **Self-Attention (自己注意機構):** 入力系列内の各要素が、同じ入力系列内の他のすべての要素との関連性を計算し、その文脈情報を統合するメカニズムです。これにより、単語間の長距離依存関係を効率的に捕捉できます。数式的には、クエリ($Q$)、キー($K$)、バリュー($V$)という3つの行列を用いて、以下のように計算されます。\n        $$ \\text{Attention}(Q, K, V) = \\text{softmax}\\left(\\frac{QK^T}{\\sqrt{d_k}}\\right)V $$\n        ここで $d_k$ はキーベクトルの次元数です。\n    *   **Positional Encoding (位置エンコーディング):** Transformerは再帰構造を持たないため、系列内の単語の順序や位置に関する情報を直接処理できません。そのため、各単語の埋め込みベクトルに、その位置を示す固定または学習可能なベクトルを加算することで、位置情報をモデルに導入します。\n    *   **Feed-Forward Networks (フィードフォワードネットワーク):** 各アテンション層の後に、位置ごとに独立した全結合フィードフォワードネットワークが適用され、非線形性を導入します。\n    *   **Layer Normalization (層正規化) & Residual Connections (残差接続):** モデルの深層化を助け、学習を安定させるために、各サブレイヤーの後にこれらの技術が適用されます。', 'result': '- **データセット:** 本研究では、主に大規模な機械翻訳データセット、例えばWMT 2014 English-to-GermanおよびEnglish-to-Frenchベンチマークが使用されました。これらのデータセットは、数百万から数千万の文のペアで構成されます。\n- **評価:** Transformerモデルは、従来のRNNやCNNをベースにした最先端モデルと比較して、以下の点で優れた結果を示しました。\n    *   **性能:** WMT 2014 English-to-Germanタスクでは、従来の最先端モデルを2.0 BLEUポイント上回る28.4 BLEUスコアを達成しました。また、English-to-Frenchタスクでは、大規模モデルで41.8 BLEUを達成し、これも新たな最先端記録となりました。\n    *   **学習速度:** 従来モデルと比較して、学習にかかる時間を大幅に短縮しました。例えば、いくつかの構成では、学習時間を既存のモデルの数分の1に削減することができました。これは、並列計算能力を最大限に活用できるアテンションベースのアーキテクチャの利点です。', 'discussion': '著者は、Transformerモデルがそのシンプルさと効率性にもかかわらず、様々な系列変換タスクで優れた性能を発揮することを示しました。その最も重要な限界の一つは、再帰構造を持たないため、非常に長い入力系列における位置エンコーディングの設計や、コンテキストウィンドウのサイズに関するスケーラビリティの課題が挙げられるかもしれません。しかし、本研究の成果は、自然言語処理の分野に革命をもたらし、その後のBERT、GPTなどの大規模言語モデルの基礎となるアーキテクチャを提供しました。将来的な応用先としては、機械翻訳、テキスト要約、質問応答、音声認識など、あらゆる系列変換に関連するタスクへの適用が考えられます。特に、並列計算に適しているため、大規模データセットと計算リソースを用いた事前学習モデルの開発に不可欠な存在となりました。', 'glossary': [{'category': '情報科学', 'terms': [{'term': 'Sequence Transduction (訳: 系列変換)', 'explanation': '一つの系列データ（例：文）を別の系列データに変換するタスク全般を指します。機械翻訳やテキスト要約などがこれに該当します。'}, {'term': 'Recurrent Neural Network (RNN) (訳: 回帰型ニューラルネットワーク)', 'explanation': '時系列データや系列データを処理するために設計されたニューラルネットワークの一種です。内部状態（隠れ状態）を持ち、前の時点の情報を現在の時点の処理に利用します。'}, {'term': 'Convolutional Neural Network (CNN) (訳: 畳み込みニューラルネットワーク)', 'explanation': '主に画像処理で使われるニューラルネットワークですが、テキストデータにも適用され、局所的な特徴を抽出するのに使われます。畳み込み層とプーリング層を特徴とします。'}, {'term': 'Encoder-Decoder model (訳: エンコーダ・デコーダモデル)', 'explanation': '系列変換タスクで一般的に用いられるモデルアーキテクチャです。エンコーダが入力系列全体を固定長のベクトル（コンテキストベクトル）に圧縮し、デコーダがそのベクトルから出力系列を生成します。'}, {'term': 'Attention Mechanism (訳: 注意機構)', 'explanation': 'ニューラルネットワークが、入力系列のどこに「注意」を払うべきかを動的に決定するメカニズムです。これにより、長い系列の処理において、関連性の高い情報に焦点を当てることができます。'}, {'term': 'Transformer (訳: トランスフォーマー)', 'explanation': '本論文で提案された新しいニューラルネットワークアーキテクチャです。RNNやCNNを使わず、アテンション機構のみで構成されており、特に自然言語処理分野に大きな影響を与えました。'}, {'term': 'Self-Attention (訳: 自己注意機構)', 'explanation': 'アテンション機構の一種で、入力系列内の各要素が、同じ系列内の他のすべての要素との関連性を計算し、その文脈情報を自身に統合するものです。これにより、単語間の長距離依存関係を効率的に捕捉できます。'}, {'term': 'Multi-Head Attention (訳: マルチヘッド・アテンション)', 'explanation': '複数の独立した自己注意機構（ヘッド）を並行して実行し、それぞれの結果を結合する仕組みです。これにより、モデルは異なる種類の関連性や文脈情報を同時に捉えることができます。'}, {'term': 'Positional Encoding (訳: 位置エンコーディング)', 'explanation': 'Transformerが系列内の要素の位置情報を学習できるように、単語の埋め込みベクトルに加算されるベクトルです。Transformerは再帰構造を持たないため、この情報が不可欠です。'}, {'term': 'Parallelization (訳: 並列化)', 'explanation': '計算処理を複数のプロセッサやコアで同時に実行できるようにすること。Transformerは自己注意機構の特性により、従来のRNNに比べて高い並列化が可能です。'}, {'term': 'BLEU Score (訳: BLEUスコア)', 'explanation': '機械翻訳の品質を評価するための一般的な指標の一つです。機械翻訳された文と人間の翻訳者による参照文との間の単語の重複度合いに基づいてスコアを算出します。'}]}]}

[MD HTML OUTPUT]
<div class='custom-markdown'><h2 style='margin-top:0; font-size:20px; color:#0F172A;'>Attention Is All You Need（アテンション機構こそが全て）</h2>
<span style='color:#64748B; font-size:13px;'>Original: Attention Is All You Need | 2017 | arXiv</span>

<div class='tldr-box'><h3 style='margin-top:0; margin-bottom: 12px; color:#0F172A; font-size:16px;'>3行要約 (TL;DR)</h3><div style='font-size:15px; line-height:1.7; color:#334155;'>1. 最も重要なポイントは、従来の再帰型ニューラルネットワーク（RNN）や畳み込みニューラルネットワーク（CNN）に基づく複雑なモデルに代わり、アテンション機構のみに基づいた新しいシンプルかつ強力なネットワークアーキテクチャ「Transformer」が提案されたことです。<br/><br/>2. この研究の新規性は、系列変換モデルにおいて、従来のRNNやCNNを完全に排除し、アテンション機構のみで構成されることで、計算の並列化を大幅に促進し、より効率的な学習と推論を可能にした点にあります。<br/><br/>3. その結果、特に機械翻訳などの系列変換タスクにおいて、以前の最先端モデルを性能と学習速度の両面で上回り、自然言語処理（NLP）分野のその後の発展の礎を築きました。</div></div>

<h4>研究の背景と目的</h4>
<p>- **背景:** これまでの主要な系列変換モデルは、エンコーダとデコーダから構成される複雑な再帰型ニューラルネットワーク（RNN）や畳み込みニューラルネットワーク（CNN）を基盤としていました。これらのモデルは、特に長距離の依存関係を捉える上で限界があったり、RNNの逐次的な性質のため計算の並列化が困難であるという課題を抱えていました。最も性能の良いモデルは、エンコーダとデコーダをアテンション機構で接続していましたが、それでもRNNやCNNが主要な構成要素でした。
- **目的:** 本研究の目的は、RNNやCNNといった既存の複雑な構造を完全に排除し、アテンション機構のみに依存する、よりシンプルで並列化に適した新しいネットワークアーキテクチャを提案し、系列変換タスクにおいて既存モデルを超える性能と効率を達成することです。</p>

<h4>提案手法（メソッド）</h4>
<p>- **コア技術:** 本研究のコア技術は、再帰構造や畳み込み構造を一切持たず、アテンション機構のみで構成される新しいネットワークアーキテクチャである**Transformer**です。
- **特徴:** Transformerは主に「エンコーダ」と「デコーダ」で構成されますが、その内部は以下のような特徴的なコンポーネントで構築されています。
    *   **Multi-Head Attention (マルチヘッド・アテンション):** 複数のアテンション機構を並行して実行し、それぞれの結果を結合することで、異なる「表現サブスペース」からの情報を捉えることを可能にします。これにより、モデルは様々な種類の関連性や依存関係に同時に注意を払うことができます。
    *   **Self-Attention (自己注意機構):** 入力系列内の各要素が、同じ入力系列内の他のすべての要素との関連性を計算し、その文脈情報を統合するメカニズムです。これにより、単語間の長距離依存関係を効率的に捕捉できます。数式的には、クエリ($Q$)、キー($K$)、バリュー($V$)という3つの行列を用いて、以下のように計算されます。
        $$ \text{Attention}(Q, K, V) = \text{softmax}\left(\frac{QK^T}{\sqrt{d_k}}\right)V $$
        ここで $d_k$ はキーベクトルの次元数です。
    *   **Positional Encoding (位置エンコーディング):** Transformerは再帰構造を持たないため、系列内の単語の順序や位置に関する情報を直接処理できません。そのため、各単語の埋め込みベクトルに、その位置を示す固定または学習可能なベクトルを加算することで、位置情報をモデルに導入します。
    *   **Feed-Forward Networks (フィードフォワードネットワーク):** 各アテンション層の後に、位置ごとに独立した全結合フィードフォワードネットワークが適用され、非線形性を導入します。
    *   **Layer Normalization (層正規化) & Residual Connections (残差接続):** モデルの深層化を助け、学習を安定させるために、各サブレイヤーの後にこれらの技術が適用されます。</p>

<h4>実験と結果</h4>
<p>- **データセット:** 本研究では、主に大規模な機械翻訳データセット、例えばWMT 2014 English-to-GermanおよびEnglish-to-Frenchベンチマークが使用されました。これらのデータセットは、数百万から数千万の文のペアで構成されます。
- **評価:** Transformerモデルは、従来のRNNやCNNをベースにした最先端モデルと比較して、以下の点で優れた結果を示しました。
    *   **性能:** WMT 2014 English-to-Germanタスクでは、従来の最先端モデルを2.0 BLEUポイント上回る28.4 BLEUスコアを達成しました。また、English-to-Frenchタスクでは、大規模モデルで41.8 BLEUを達成し、これも新たな最先端記録となりました。
    *   **学習速度:** 従来モデルと比較して、学習にかかる時間を大幅に短縮しました。例えば、いくつかの構成では、学習時間を既存のモデルの数分の1に削減することができました。これは、並列計算能力を最大限に活用できるアテンションベースのアーキテクチャの利点です。</p>

<h4>考察・今後の課題</h4>
<p>著者は、Transformerモデルがそのシンプルさと効率性にもかかわらず、様々な系列変換タスクで優れた性能を発揮することを示しました。その最も重要な限界の一つは、再帰構造を持たないため、非常に長い入力系列における位置エンコーディングの設計や、コンテキストウィンドウのサイズに関するスケーラビリティの課題が挙げられるかもしれません。しかし、本研究の成果は、自然言語処理の分野に革命をもたらし、その後のBERT、GPTなどの大規模言語モデルの基礎となるアーキテクチャを提供しました。将来的な応用先としては、機械翻訳、テキスト要約、質問応答、音声認識など、あらゆる系列変換に関連するタスクへの適用が考えられます。特に、並列計算に適しているため、大規模データセットと計算リソースを用いた事前学習モデルの開発に不可欠な存在となりました。</p>

</div>

[GLOSSARY HTML OUTPUT]
<div style='background: white; padding: 20px; border-radius: 8px; border: 1px solid #E2E8F0;'><h4 style='color:#0F172A; font-size: 15px; margin-top:0; margin-bottom:12px;'>用語解説</h4><p style='font-size:13px; font-weight:600; color:#64748B; margin-bottom:8px; margin-top:16px; text-transform:uppercase;'>情報科学</p><ul style='margin-top:0; padding-left: 20px; font-size:14px; color:#334155; line-height:1.6;'><li style='margin-bottom:6px;'><b style='color:#0F172A;'>Sequence Transduction (訳: 系列変換)</b>: 一つの系列データ（例：文）を別の系列データに変換するタスク全般を指します。機械翻訳やテキスト要約などがこれに該当します。</li><li style='margin-bottom:6px;'><b style='color:#0F172A;'>Recurrent Neural Network (RNN) (訳: 回帰型ニューラルネットワーク)</b>: 時系列データや系列データを処理するために設計されたニューラルネットワークの一種です。内部状態（隠れ状態）を持ち、前の時点の情報を現在の時点の処理に利用します。</li><li style='margin-bottom:6px;'><b style='color:#0F172A;'>Convolutional Neural Network (CNN) (訳: 畳み込みニューラルネットワーク)</b>: 主に画像処理で使われるニューラルネットワークですが、テキストデータにも適用され、局所的な特徴を抽出するのに使われます。畳み込み層とプーリング層を特徴とします。</li><li style='margin-bottom:6px;'><b style='color:#0F172A;'>Encoder-Decoder model (訳: エンコーダ・デコーダモデル)</b>: 系列変換タスクで一般的に用いられるモデルアーキテクチャです。エンコーダが入力系列全体を固定長のベクトル（コンテキストベクトル）に圧縮し、デコーダがそのベクトルから出力系列を生成します。</li><li style='margin-bottom:6px;'><b style='color:#0F172A;'>Attention Mechanism (訳: 注意機構)</b>: ニューラルネットワークが、入力系列のどこに「注意」を払うべきかを動的に決定するメカニズムです。これにより、長い系列の処理において、関連性の高い情報に焦点を当てることができます。</li><li style='margin-bottom:6px;'><b style='color:#0F172A;'>Transformer (訳: トランスフォーマー)</b>: 本論文で提案された新しいニューラルネットワークアーキテクチャです。RNNやCNNを使わず、アテンション機構のみで構成されており、特に自然言語処理分野に大きな影響を与えました。</li><li style='margin-bottom:6px;'><b style='color:#0F172A;'>Self-Attention (訳: 自己注意機構)</b>: アテンション機構の一種で、入力系列内の各要素が、同じ系列内の他のすべての要素との関連性を計算し、その文脈情報を自身に統合するものです。これにより、単語間の長距離依存関係を効率的に捕捉できます。</li><li style='margin-bottom:6px;'><b style='color:#0F172A;'>Multi-Head Attention (訳: マルチヘッド・アテンション)</b>: 複数の独立した自己注意機構（ヘッド）を並行して実行し、それぞれの結果を結合する仕組みです。これにより、モデルは異なる種類の関連性や文脈情報を同時に捉えることができます。</li><li style='margin-bottom:6px;'><b style='color:#0F172A;'>Positional Encoding (訳: 位置エンコーディング)</b>: Transformerが系列内の要素の位置情報を学習できるように、単語の埋め込みベクトルに加算されるベクトルです。Transformerは再帰構造を持たないため、この情報が不可欠です。</li><li style='margin-bottom:6px;'><b style='color:#0F172A;'>Parallelization (訳: 並列化)</b>: 計算処理を複数のプロセッサやコアで同時に実行できるようにすること。Transformerは自己注意機構の特性により、従来のRNNに比べて高い並列化が可能です。</li><li style='margin-bottom:6px;'><b style='color:#0F172A;'>BLEU Score (訳: BLEUスコア)</b>: 機械翻訳の品質を評価するための一般的な指標の一つです。機械翻訳された文と人間の翻訳者による参照文との間の単語の重複度合いに基づいてスコアを算出します。</li></ul></div>
